Composition {
    Tools = {
        AksharoCaption = TextPlusMacro {
            StyleId = "default",
            Inputs = {
                Text = { Value = "" },
                Font = { Value = "Inter" },
                Size = { Value = 0.05 },
                Colour = { Value = { 1.0, 1.0, 1.0, 1.0 } },
                StrokeColour = { Value = { 0.0, 0.0, 0.0, 1.0 } },
                StrokeWidth = { Value = 0.0 },
                ShadowOpacity = { Value = 0.0 },
                PositionY = { Value = 0.5 },
                HighlightColour = { Value = { 1.0, 1.0, 0.0, 1.0 } },
                HighlightStart = {
                    KeyFrames = {
                    },
                },
                HighlightEnd = {
                    KeyFrames = {
                    },
                },
            },
        },
    },
}
